[    0.000000] Linux version 4.15.0-70-generic (buildd@lgw01-amd64-055) (gcc version 7.4.0 (Ubuntu 7.4.0-1ubuntu1~18.04.1)) #79-Ubuntu SMP Tue Nov 12 10:36:11 UTC 2019 (Ubuntu 4.15.0-70.79-generic 4.15.18)
[    0.000000] Command line: BOOT_IMAGE=/boot/vmlinuz-4.15.0-70-generic root=LABEL=cloudimg-rootfs ro console=tty1 console=ttyS0
[    0.000000] KERNEL supported cpus:
[    0.000000]   Intel GenuineIntel
[    0.000000]   AMD AuthenticAMD
[    0.000000]   Centaur CentaurHauls
[    0.000000] x86/fpu: Supporting XSAVE feature 0x001: 'x87 floating point registers'
[    0.000000] x86/fpu: Supporting XSAVE feature 0x002: 'SSE registers'
[    0.000000] x86/fpu: Supporting XSAVE feature 0x004: 'AVX registers'
[    0.000000] x86/fpu: xstate_offset[2]:  576, xstate_sizes[2]:  256
[    0.000000] x86/fpu: Enabled xstate features 0x7, context size is 832 bytes, using 'standard' format.
[    0.000000] e820: BIOS-provided physical RAM map:
[    0.000000] BIOS-e820: [mem 0x0000000000000000-0x000000000009fbff] usable
[    0.000000] BIOS-e820: [mem 0x000000000009fc00-0x000000000009ffff] reserved
[    0.000000] BIOS-e820: [mem 0x00000000000f0000-0x00000000000fffff] reserved
[    0.000000] BIOS-e820: [mem 0x0000000000100000-0x000000007ffeffff] usable
[    0.000000] BIOS-e820: [mem 0x000000007fff0000-0x000000007fffffff] ACPI data
[    0.000000] BIOS-e820: [mem 0x00000000fec00000-0x00000000fec00fff] reserved
[    0.000000] BIOS-e820: [mem 0x00000000fee00000-0x00000000fee00fff] reserved
[    0.000000] BIOS-e820: [mem 0x00000000fffc0000-0x00000000ffffffff] reserved
[    0.000000] NX (Execute Disable) protection: active
[    0.000000] SMBIOS 2.5 present.
[    0.000000] DMI: innotek GmbH VirtualBox/VirtualBox, BIOS VirtualBox 12/01/2006
[    0.000000] Hypervisor detected: KVM
[    0.000000] e820: last_pfn = 0x7fff0 max_arch_pfn = 0x400000000
[    0.000000] MTRR: Disabled
[    0.000000] x86/PAT: MTRRs disabled, skipping PAT initialization too.
[    0.000000] CPU MTRRs all blank - virtualized system.
[    0.000000] x86/PAT: Configuration [0-7]: WB  WT  UC- UC  WB  WT  UC- UC  
[    0.000000] found SMP MP-table at [mem 0x0009fff0-0x0009ffff]
[    0.000000] Scanning 1 areas for low memory corruption
[    0.000000] RAMDISK: [mem 0x35a87000-0x36d3afff]
[    0.000000] ACPI: Early table checksum verification disabled
[    0.000000] ACPI: RSDP 0x00000000000E0000 000024 (v02 VBOX  )
[    0.000000] ACPI: XSDT 0x000000007FFF0030 00003C (v01 VBOX   VBOXXSDT 00000001 ASL  00000061)
[    0.000000] ACPI: FACP 0x000000007FFF00F0 0000F4 (v04 VBOX   VBOXFACP 00000001 ASL  00000061)
[    0.000000] ACPI: DSDT 0x000000007FFF0470 0022EA (v02 VBOX   VBOXBIOS 00000002 INTL 20100528)
[    0.000000] ACPI: FACS 0x000000007FFF0200 000040
[    0.000000] ACPI: FACS 0x000000007FFF0200 000040
[    0.000000] ACPI: APIC 0x000000007FFF0240 000054 (v02 VBOX   VBOXAPIC 00000001 ASL  00000061)
[    0.000000] ACPI: SSDT 0x000000007FFF02A0 0001CC (v01 VBOX   VBOXCPUT 00000002 INTL 20100528)
[    0.000000] No NUMA configuration found
[    0.000000] Faking a node at [mem 0x0000000000000000-0x000000007ffeffff]
[    0.000000] NODE_DATA(0) allocated [mem 0x7ffc5000-0x7ffeffff]
[    0.000000] kvm-clock: cpu 0, msr 0:7ff44001, primary cpu clock
[    0.000000] kvm-clock: Using msrs 4b564d01 and 4b564d00
[    0.000000] kvm-clock: using sched offset of 3194332546 cycles
[    0.000000] clocksource: kvm-clock: mask: 0xffffffffffffffff max_cycles: 0x1cd42e4dffb, max_idle_ns: 881590591483 ns
[    0.000000] Zone ranges:
[    0.000000]   DMA      [mem 0x0000000000001000-0x0000000000ffffff]
[    0.000000]   DMA32    [mem 0x0000000001000000-0x000000007ffeffff]
[    0.000000]   Normal   empty
[    0.000000]   Device   empty
[    0.000000] Movable zone start for each node
[    0.000000] Early memory node ranges
[    0.000000]   node   0: [mem 0x0000000000001000-0x000000000009efff]
[    0.000000]   node   0: [mem 0x0000000000100000-0x000000007ffeffff]
[    0.000000] Reserved but unavailable: 98 pages
[    0.000000] Initmem setup node 0 [mem 0x0000000000001000-0x000000007ffeffff]
[    0.000000] ACPI: PM-Timer IO Port: 0x4008
[    0.000000] IOAPIC[0]: apic_id 1, version 32, address 0xfec00000, GSI 0-23
[    0.000000] ACPI: INT_SRC_OVR (bus 0 bus_irq 0 global_irq 2 dfl dfl)
[    0.000000] ACPI: INT_SRC_OVR (bus 0 bus_irq 9 global_irq 9 low level)
[    0.000000] Using ACPI (MADT) for SMP configuration information
[    0.000000] smpboot: Allowing 1 CPUs, 0 hotplug CPUs
[    0.000000] PM: Registered nosave memory: [mem 0x00000000-0x00000fff]
[    0.000000] PM: Registered nosave memory: [mem 0x0009f000-0x0009ffff]
[    0.000000] PM: Registered nosave memory: [mem 0x000a0000-0x000effff]
[    0.000000] PM: Registered nosave memory: [mem 0x000f0000-0x000fffff]
[    0.000000] e820: [mem 0x80000000-0xfebfffff] available for PCI devices
[    0.000000] Booting paravirtualized kernel on KVM
[    0.000000] clocksource: refined-jiffies: mask: 0xffffffff max_cycles: 0xffffffff, max_idle_ns: 7645519600211568 ns
[    0.000000] random: get_random_bytes called from start_kernel+0x99/0x4fd with crng_init=0
[    0.000000] setup_percpu: NR_CPUS:8192 nr_cpumask_bits:1 nr_cpu_ids:1 nr_node_ids:1
[    0.000000] percpu: Embedded 45 pages/cpu s147456 r8192 d28672 u2097152
[    0.000000] PV qspinlock hash table entries: 256 (order: 0, 4096 bytes)
[    0.000000] Built 1 zonelists, mobility grouping on.  Total pages: 515961
[    0.000000] Policy zone: DMA32
[    0.000000] Kernel command line: BOOT_IMAGE=/boot/vmlinuz-4.15.0-70-generic root=LABEL=cloudimg-rootfs ro console=tty1 console=ttyS0
[    0.000000] Memory: 2015808K/2096696K available (12300K kernel code, 2481K rwdata, 4264K rodata, 2432K init, 2388K bss, 80888K reserved, 0K cma-reserved)
[    0.000000] SLUB: HWalign=64, Order=0-3, MinObjects=0, CPUs=1, Nodes=1
[    0.000000] Kernel/User page tables isolation: enabled
[    0.000000] ftrace: allocating 39315 entries in 154 pages
[    0.004000] Hierarchical RCU implementation.
[    0.004000] 	RCU restricting CPUs from NR_CPUS=8192 to nr_cpu_ids=1.
[    0.004000] 	Tasks RCU enabled.
[    0.004000] RCU: Adjusting geometry for rcu_fanout_leaf=16, nr_cpu_ids=1
[    0.004000] NR_IRQS: 524544, nr_irqs: 256, preallocated irqs: 16
[    0.004000] Console: colour VGA+ 80x25
[    0.004000] console [tty1] enabled
[    0.004000] console [ttyS0] enabled
[    0.004000] ACPI: Core revision 20170831
[    0.004000] ACPI: 2 ACPI AML tables successfully acquired and loaded
[    0.004000] APIC: Switch to symmetric I/O mode setup
[    0.004000] x2apic enabled
[    0.004000] Switched APIC routing to physical x2apic.
[    0.004000] ..TIMER: vector=0x30 apic1=0 pin1=2 apic2=-1 pin2=-1
[    0.004000] tsc: Detected 3192.014 MHz processor
[    0.004000] Calibrating delay loop (skipped) preset value.. 6384.02 BogoMIPS (lpj=12768056)
[    0.004003] pid_max: default: 32768 minimum: 301
[    0.004547] Security Framework initialized
[    0.005019] Yama: becoming mindful.
[    0.005444] AppArmor: AppArmor initialized
[    0.006502] Dentry cache hash table entries: 262144 (order: 9, 2097152 bytes)
[    0.008031] Inode-cache hash table entries: 131072 (order: 8, 1048576 bytes)
[    0.008785] Mount-cache hash table entries: 4096 (order: 3, 32768 bytes)
[    0.009508] Mountpoint-cache hash table entries: 4096 (order: 3, 32768 bytes)
[    0.010457] process: using mwait in idle threads
[    0.010979] Last level iTLB entries: 4KB 64, 2MB 8, 4MB 8
[    0.011567] Last level dTLB entries: 4KB 64, 2MB 0, 4MB 0, 1GB 4
[    0.012002] Spectre V1 : Mitigation: usercopy/swapgs barriers and __user pointer sanitization
[    0.012930] Spectre V2 : Mitigation: Full generic retpoline
[    0.013537] Spectre V2 : Spectre v2 / SpectreRSB mitigation: Filling RSB on context switch
[    0.014439] Speculative Store Bypass: Vulnerable
[    0.014992] MDS: Mitigation: Clear CPU buffers
[    0.026807] Freeing SMP alternatives memory: 36K
[    0.137321] smpboot: CPU0: Intel(R) Core(TM) i7-8700 CPU @ 3.20GHz (family: 0x6, model: 0x9e, stepping: 0xa)
[    0.138504] Performance Events: unsupported p6 CPU model 158 no PMU driver, software events only.
[    0.139506] Hierarchical SRCU implementation.
[    0.140000] NMI watchdog: Perf event create on CPU 0 failed with -2
[    0.140000] NMI watchdog: Perf NMI watchdog permanently disabled
[    0.140031] smp: Bringing up secondary CPUs ...
[    0.140549] smp: Brought up 1 node, 1 CPU
[    0.141010] smpboot: Max logical packages: 1
[    0.141497] smpboot: Total of 1 processors activated (6384.02 BogoMIPS)
[    0.142337] devtmpfs: initialized
[    0.142783] x86/mm: Memory block size: 128MB
[    0.143445] evm: security.selinux
[    0.144003] evm: security.SMACK64
[    0.144403] evm: security.SMACK64EXEC
[    0.144868] evm: security.SMACK64TRANSMUTE
[    0.145345] evm: security.SMACK64MMAP
[    0.145846] evm: security.apparmor
[    0.146293] evm: security.ima
[    0.146666] evm: security.capability
[    0.147200] clocksource: jiffies: mask: 0xffffffff max_cycles: 0xffffffff, max_idle_ns: 7645041785100000 ns
[    0.148007] futex hash table entries: 256 (order: 2, 16384 bytes)
[    0.148710] pinctrl core: initialized pinctrl subsystem
[    0.149370] RTC time: 14:23:25, date: 12/14/19
[    0.149941] NET: Registered protocol family 16
[    0.150515] audit: initializing netlink subsys (disabled)
[    0.151207] cpuidle: using governor ladder
[    0.152006] audit: type=2000 audit(1576333410.065:1): state=initialized audit_enabled=0 res=1
[    0.152947] cpuidle: using governor menu
[    0.153431] ACPI: bus type PCI registered
[    0.153900] acpiphp: ACPI Hot Plug PCI Controller Driver version: 0.5
[    0.154674] PCI: Using configuration type 1 for base access
[    0.156444] HugeTLB registered 2.00 MiB page size, pre-allocated 0 pages
[    0.157307] ACPI: Added _OSI(Module Device)
[    0.157795] ACPI: Added _OSI(Processor Device)
[    0.158297] ACPI: Added _OSI(3.0 _SCP Extensions)
[    0.158827] ACPI: Added _OSI(Processor Aggregator Device)
[    0.159420] ACPI: Added _OSI(Linux-Dell-Video)
[    0.159920] ACPI: Added _OSI(Linux-Lenovo-NV-HDMI-Audio)
[    0.160010] ACPI: Added _OSI(Linux-HPI-Hybrid-Graphics)
[    0.160793] ACPI: Executed 1 blocks of module-level executable AML code
[    0.165266] ACPI: Interpreter enabled
[    0.165717] ACPI: (supports S0 S5)
[    0.166121] ACPI: Using IOAPIC for interrupt routing
[    0.166897] PCI: Using host bridge windows from ACPI; if necessary, use "pci=nocrs" and report a bug
[    0.168134] ACPI: Enabled 2 GPEs in block 00 to 07
[    0.174752] ACPI: PCI Root Bridge [PCI0] (domain 0000 [bus 00-ff])
[    0.175432] acpi PNP0A03:00: _OSC: OS supports [ASPM ClockPM Segments MSI]
[    0.176000] acpi PNP0A03:00: _OSC: not requesting OS control; OS requires [ExtendedConfig ASPM ClockPM MSI]
[    0.176009] acpi PNP0A03:00: fail to add MMCONFIG information, can't access extended PCI configuration space under this bridge.
[    0.177466] PCI host bridge to bus 0000:00
[    0.177942] pci_bus 0000:00: root bus resource [io  0x0000-0x0cf7 window]
[    0.178669] pci_bus 0000:00: root bus resource [io  0x0d00-0xffff window]
[    0.180002] pci_bus 0000:00: root bus resource [mem 0x000a0000-0x000bffff window]
[    0.180841] pci_bus 0000:00: root bus resource [mem 0x80000000-0xfdffffff window]
[    0.181672] pci_bus 0000:00: root bus resource [bus 00-ff]
[    0.184002] pci 0000:00:01.1: legacy IDE quirk: reg 0x10: [io  0x01f0-0x01f7]
[    0.184766] pci 0000:00:01.1: legacy IDE quirk: reg 0x14: [io  0x03f6]
[    0.185482] pci 0000:00:01.1: legacy IDE quirk: reg 0x18: [io  0x0170-0x0177]
[    0.186243] pci 0000:00:01.1: legacy IDE quirk: reg 0x1c: [io  0x0376]
[    0.200157] pci 0000:00:07.0: quirk: [io  0x4000-0x403f] claimed by PIIX4 ACPI
[    0.201010] pci 0000:00:07.0: quirk: [io  0x4100-0x410f] claimed by PIIX4 SMB
[    0.209327] ACPI: PCI Interrupt Link [LNKA] (IRQs 5 9 10 *11)
[    0.210262] ACPI: PCI Interrupt Link [LNKB] (IRQs 5 9 *10 11)
[    0.210981] ACPI: PCI Interrupt Link [LNKC] (IRQs 5 *9 10 11)
[    0.211698] ACPI: PCI Interrupt Link [LNKD] (IRQs 5 9 10 *11)
[    0.212292] SCSI subsystem initialized
[    0.212834] pci 0000:00:02.0: vgaarb: setting as boot VGA device
[    0.213492] pci 0000:00:02.0: vgaarb: VGA device added: decodes=io+mem,owns=io+mem,locks=none
[    0.214425] pci 0000:00:02.0: vgaarb: bridge control possible
[    0.215055] vgaarb: loaded
[    0.215407] ACPI: bus type USB registered
[    0.216017] usbcore: registered new interface driver usbfs
[    0.216625] usbcore: registered new interface driver hub
[    0.217221] usbcore: registered new device driver usb
[    0.217822] EDAC MC: Ver: 3.0.0
[    0.218384] PCI: Using ACPI for IRQ routing
[    0.219055] NetLabel: Initializing
[    0.219460] NetLabel:  domain hash size = 128
[    0.220001] NetLabel:  protocols = UNLABELED CIPSOv4 CALIPSO
[    0.220633] NetLabel:  unlabeled traffic allowed by default
[    0.221326] clocksource: Switched to clocksource kvm-clock
[    0.228893] VFS: Disk quotas dquot_6.6.0
[    0.229387] VFS: Dquot-cache hash table entries: 512 (order 0, 4096 bytes)
[    0.230203] AppArmor: AppArmor Filesystem Enabled
[    0.230759] pnp: PnP ACPI init
[    0.231925] pnp: PnP ACPI: found 3 devices
[    0.237704] clocksource: acpi_pm: mask: 0xffffff max_cycles: 0xffffff, max_idle_ns: 2085701024 ns
[    0.238732] NET: Registered protocol family 2
[    0.239357] TCP established hash table entries: 16384 (order: 5, 131072 bytes)
[    0.240007] TCP bind hash table entries: 16384 (order: 6, 262144 bytes)
[    0.240939] TCP: Hash tables configured (established 16384 bind 16384)
[    0.241668] UDP hash table entries: 1024 (order: 3, 32768 bytes)
[    0.242328] UDP-Lite hash table entries: 1024 (order: 3, 32768 bytes)
[    0.243046] NET: Registered protocol family 1
[    0.243570] pci 0000:00:00.0: Limiting direct PCI/PCI transfers
[    0.244241] pci 0000:00:01.0: Activating ISA DMA hang workarounds
[    0.244931] pci 0000:00:02.0: Video device with shadowed ROM at [mem 0x000c0000-0x000dffff]
[    0.245925] Unpacking initramfs...
[    0.434774] Freeing initrd memory: 19152K
[    0.435453] clocksource: tsc: mask: 0xffffffffffffffff max_cycles: 0x2e02d21143a, max_idle_ns: 440795315882 ns
[    0.436687] platform rtc_cmos: registered platform RTC device (no PNP device found)
[    0.437534] Scanning for low memory corruption every 60 seconds
[    0.438569] Initialise system trusted keyrings
[    0.439208] Key type blacklist registered
[    0.439754] workingset: timestamp_bits=36 max_order=19 bucket_order=0
[    0.441411] zbud: loaded
[    0.442080] squashfs: version 4.0 (2009/01/31) Phillip Lougher
[    0.442826] fuse init (API version 7.26)
[    0.443834] Key type asymmetric registered
[    0.444307] Asymmetric key parser 'x509' registered
[    0.444921] Block layer SCSI generic (bsg) driver version 0.4 loaded (major 246)
[    0.445796] io scheduler noop registered
[    0.446239] io scheduler deadline registered
[    0.446751] io scheduler cfq registered (default)
[    0.447558] ACPI: AC Adapter [AC] (on-line)
[    0.448123] input: Power Button as /devices/LNXSYSTM:00/LNXPWRBN:00/input/input0
[    0.448962] ACPI: Power Button [PWRF]
[    0.449427] input: Sleep Button as /devices/LNXSYSTM:00/LNXSLPBN:00/input/input1
[    0.450233] ACPI: Sleep Button [SLPF]
[    0.450835] Serial: 8250/16550 driver, 32 ports, IRQ sharing enabled
[    0.472051] 00:02: ttyS0 at I/O 0x3f8 (irq = 4, base_baud = 115200) is a 16550A
[    0.473927] Linux agpgart interface v0.103
[    0.475099] loop: module loaded
[    0.475827] scsi host0: ata_piix
[    0.476267] scsi host1: ata_piix
[    0.476671] ata1: PATA max UDMA/33 cmd 0x1f0 ctl 0x3f6 bmdma 0xd000 irq 14
[    0.477396] ata2: PATA max UDMA/33 cmd 0x170 ctl 0x376 bmdma 0xd008 irq 15
[    0.478345] libphy: Fixed MDIO Bus: probed
[    0.478806] tun: Universal TUN/TAP device driver, 1.6
[    0.479403] PPP generic driver version 2.4.2
[    0.479905] ehci_hcd: USB 2.0 'Enhanced' Host Controller (EHCI) Driver
[    0.480650] ehci-pci: EHCI PCI platform driver
[    0.481150] ehci-platform: EHCI generic platform driver
[    0.481769] ohci_hcd: USB 1.1 'Open' Host Controller (OHCI) Driver
[    0.482442] ohci-pci: OHCI PCI platform driver
[    0.482939] ohci-platform: OHCI generic platform driver
[    0.483511] uhci_hcd: USB Universal Host Controller Interface driver
[    0.484402] i8042: PNP: PS/2 Controller [PNP0303:PS2K,PNP0f03:PS2M] at 0x60,0x64 irq 1,12
[    0.485627] serio: i8042 KBD port at 0x60,0x64 irq 1
[    0.486189] serio: i8042 AUX port at 0x60,0x64 irq 12
[    0.486789] mousedev: PS/2 mouse device common for all mice
[    0.487549] input: AT Translated Set 2 keyboard as /devices/platform/i8042/serio0/input/input2
[    0.488821] rtc_cmos rtc_cmos: rtc core: registered rtc_cmos as rtc0
[    0.489533] rtc_cmos rtc_cmos: alarms up to one day, 114 bytes nvram
[    0.490211] i2c /dev entries driver
[    0.490645] device-mapper: uevent: version 1.0.3
[    0.491195] device-mapper: ioctl: 4.37.0-ioctl (2017-09-20) initialised: dm-devel@redhat.com
[    0.492108] ledtrig-cpu: registered to indicate activity on CPUs
[    0.492834] intel_pmc_core:  initialized
[    0.493408] NET: Registered protocol family 10
[    0.496178] Segment Routing with IPv6
[    0.496638] NET: Registered protocol family 17
[    0.497181] Key type dns_resolver registered
[    0.497723] mce: Using 0 MCE banks
[    0.498123] RAS: Correctable Errors collector initialized.
[    0.498815] sched_clock: Marking stable (496620625, 0)->(625568093, -128947468)
[    0.499699] registered taskstats version 1
[    0.500180] Loading compiled-in X.509 certificates
[    0.502031] Loaded X.509 cert 'Build time autogenerated kernel key: 1859b0531897959199376c446a0bd70df75fd1fc'
[    0.503091] zswap: loaded using pool lzo/zbud
[    0.505673] Key type big_key registered
[    0.506118] Key type trusted registered
[    0.507532] Key type encrypted registered
[    0.507994] AppArmor: AppArmor sha1 policy hashing enabled
[    0.508632] ima: No TPM chip found, activating TPM-bypass! (rc=-19)
[    0.509338] ima: Allocated hash algorithm: sha1
[    0.509849] evm: HMAC attrs: 0x1
[    0.510422]   Magic number: 15:396:384
[    0.510931] rtc_cmos rtc_cmos: setting system clock to 2019-12-14 14:23:25 UTC (1576333405)
[    0.511907] BIOS EDD facility v0.16 2004-Jun-25, 0 devices found
[    0.512574] EDD information not available.
[    0.652897] Freeing unused kernel image memory: 2432K
[    0.664174] Write protecting the kernel read-only data: 20480k
[    0.669567] Freeing unused kernel image memory: 2008K
[    0.673744] Freeing unused kernel image memory: 1880K
[    0.699570] x86/mm: Checked W+X mappings: passed, no W+X pages found.
[    0.701150] x86/mm: Checking user space page tables
[    0.712256] x86/mm: Checked W+X mappings: passed, no W+X pages found.
Loading, please wait...
starting version 237
[    0.798388] e1000: Intel(R) PRO/1000 Network Driver - version 7.3.21-k8-NAPI
[    0.799199] e1000: Copyright (c) 1999-2006 Intel Corporation.
[    0.802551] Fusion MPT base driver 3.04.20
[    0.803032] Copyright (c) 1999-2008 LSI Corporation
[    0.805636] Fusion MPT SPI Host driver 3.04.20
[    0.822774] AVX2 version of gcm_enc/dec engaged.
[    0.823298] AES CTR mode by8 optimization enabled
[    0.823856] mptbase: ioc0: Initiating bringup
[    0.924766] ioc0: LSI53C1030 A0: Capabilities={Initiator}
[    1.023130] input: ImExPS/2 Generic Explorer Mouse as /devices/platform/i8042/serio1/input/input4
[    1.164795] scsi host2: ioc0: LSI53C1030 A0, FwRev=00000000h, Ports=1, MaxQ=256, IRQ=20
[    1.333067] scsi 2:0:0:0: Direct-Access     VBOX     HARDDISK         1.0  PQ: 0 ANSI: 5
[    1.342061] scsi target2:0:0: Beginning Domain Validation
[    1.350211] scsi target2:0:0: Domain Validation skipping write tests
[    1.355096] scsi target2:0:0: Ending Domain Validation
[    1.359273] scsi target2:0:0: asynchronous
[    1.362776] random: fast init done
[    1.366743] scsi 2:0:1:0: Direct-Access     VBOX     HARDDISK         1.0  PQ: 0 ANSI: 5
[    1.371025] scsi target2:0:1: Beginning Domain Validation
[    1.374434] scsi target2:0:1: Domain Validation skipping write tests
[    1.376752] scsi target2:0:1: Ending Domain Validation
[    1.382959] scsi target2:0:1: asynchronous
[    1.445370] sd 2:0:0:0: Attached scsi generic sg0 type 0
[    1.446271] sd 2:0:0:0: [sda] 20971520 512-byte logical blocks: (10.7 GB/10.0 GiB)
[    1.447440] sd 2:0:0:0: [sda] Write Protect is off
[    1.448202] sd 2:0:1:0: Attached scsi generic sg1 type 0
[    1.449099] sd 2:0:1:0: [sdb] 20480 512-byte logical blocks: (10.5 MB/10.0 MiB)
[    1.450172] sd 2:0:0:0: [sda] Incomplete mode parameter data
[    1.451008] sd 2:0:0:0: [sda] Assuming drive cache: write through
[    1.451876] sd 2:0:1:0: [sdb] Write Protect is off
[    1.452636] random: systemd-udevd: uninitialized urandom read (16 bytes read)
[    1.453704] random: systemd-udevd: uninitialized urandom read (16 bytes read)
[    1.454738] sd 2:0:1:0: [sdb] Incomplete mode parameter data
[    1.455551] sd 2:0:1:0: [sdb] Assuming drive cache: write through
[    1.456543] random: systemd-udevd: uninitialized urandom read (16 bytes read)
[    1.462045]  sda: sda1
[    1.462722] sd 2:0:0:0: [sda] Attached SCSI disk
[    1.463663] sd 2:0:1:0: [sdb] Attached SCSI disk
[    1.718901] e1000 0000:00:03.0 eth0: (PCI:33MHz:32-bit) 02:51:75:a4:93:2b
[    1.719879] e1000 0000:00:03.0 eth0: Intel(R) PRO/1000 Network Connection
[    2.067033] e1000 0000:00:08.0 eth1: (PCI:33MHz:32-bit) 08:00:27:ac:37:97
[    2.068082] e1000 0000:00:08.0 eth1: Intel(R) PRO/1000 Network Connection
[    2.069944] e1000 0000:00:08.0 enp0s8: renamed from eth1
[    2.072188] e1000 0000:00:03.0 enp0s3: renamed from eth0
Begin: Loading essential drivers ... [    3.483587] raid6: sse2x1   gen() 16934 MB/s
[    3.543579] raid6: sse2x1   xor() 12397 MB/s
[    3.603590] raid6: sse2x2   gen() 20707 MB/s
[    3.663581] raid6: sse2x2   xor() 14110 MB/s
[    3.713609] raid6: sse2x4   gen() 21923 MB/s
[    3.773579] raid6: sse2x4   xor() 14976 MB/s
[    3.833577] raid6: avx2x1   gen() 33599 MB/s
[    3.893578] raid6: avx2x1   xor() 23846 MB/s
[    3.953579] raid6: avx2x2   gen() 41159 MB/s
[    4.013578] raid6: avx2x2   xor() 25929 MB/s
[    4.073588] raid6: avx2x4   gen() 47651 MB/s
[    4.133578] raid6: avx2x4   xor() 29179 MB/s
[    4.134074] raid6: using algorithm avx2x4 gen() 47651 MB/s
[    4.134675] raid6: .... xor() 29179 MB/s, rmw enabled
[    4.135230] raid6: using avx2x2 recovery algorithm
[    4.137157] xor: automatically using best checksumming function   avx       
[    4.138913] async_tx: api initialized (async)
done.
Begin: Running /scripts/init-premount ... done.
Begin: Mounting root file system ... Begin: Running /scripts/local-top ... done.
Begin: Running /scripts/local-premount ... [    4.179902] Btrfs loaded, crc32c=crc32c-intel
Scanning for Btrfs filesystems
done.
Warning: fsck not present, so skipping root file system
[    4.204399] EXT4-fs (sda1): mounted filesystem with ordered data mode. Opts: (null)
done.
Begin: Running /scripts/local-bottom ... done.
Begin: Running /scripts/init-bottom ... done.
[    4.390717] ip_tables: (C) 2000-2006 Netfilter Core Team
[    4.399229] systemd[1]: systemd 237 running in system mode. (+PAM +AUDIT +SELINUX +IMA +APPARMOR +SMACK +SYSVINIT +UTMP +LIBCRYPTSETUP +GCRYPT +GNUTLS +ACL +XZ +LZ4 +SECCOMP +BLKID +ELFUTILS +KMOD -IDN2 +IDN -PCRE2 default-hierarchy=hybrid)
[    4.402153] systemd[1]: Detected virtualization oracle.
[    4.402895] systemd[1]: Detected architecture x86-64.

Welcome to [1mUbuntu 18.04.3 LTS[0m!

[    4.416489] systemd[1]: Set hostname to <ubuntu>.
[    4.420233] systemd[1]: Initializing machine ID from random generator.
[    4.421173] systemd[1]: Installed transient /etc/machine-id file.
[    4.709745] systemd[1]: Set up automount Arbitrary Executable File Formats File System Automount Point.
[[0;32m  OK  [0m] Set up automount Arbitrary Executabâ€¦rmats File System Automount Point.
[    4.712070] systemd[1]: Created slice System Slice.
[[0;32m  OK  [0m] Created slice System Slice.
[    4.713136] systemd[1]: Listening on Journal Socket.
[[0;32m  OK  [0m] Listening on Journal Socket.
[    4.714738] systemd[1]: Starting Uncomplicated firewall...
         Starting Uncomplicated firewall...
         Starting Remount Root and Kernel File Systems...
[[0;32m  OK  [0m] Listening on Device-mapper event daemon FIFOs.
[[0;32m  OK  [0m] Started Forward Password Requests to Wall Directory Watch.
         Mounting Kernel Debug File System...
[[0;32m  OK  [0m] Listening on Syslog Socket.
[[0;32m  OK  [0m] Listening on LVM2 metadata daemon socket.
         Starting Monitoring of LVM2 mirrorsâ€¦ng dmeventd or progress polling...
[[0;32m  OK  [0m] Listening on udev Control Socket.
[[0;32m  OK  [0m] Listening on Network Service Netlink Socket.
[[0;32m  OK  [0m] Reached target Swap.
         Mounting Huge Pages File System...
         Starting Create list of required stâ€¦ce nodes for the current kernel...
         Mounting POSIX Message Queue File System...
[[0;32m  OK  [0m] Listening on /dev/initctl Compatibility Named Pipe.
         Starting Set the console keyboard layout...
[[0;32m  OK  [0m] Listening on udev Kernel Socket.
         Starting udev Coldplug all Devices...
         Starting Load Kernel Modules...
[[0;32m  OK  [0m] Reached target User and Group Name Lookups.
[[0;32m  OK  [0m] Listening on LVM2 poll daemon socket.
[[0;32m  OK  [0m] Created slice system-serial\x2dgetty.slice.
[[0;32m  OK  [0m] Listening on Journal Socket (/dev/log).
[[0;32m  OK  [0m] Listening on Journal Audit Socket.
         Starting Journal Service...
[[0;32m  OK  [0m] Created slice User and Session Slice.
[[0;32m  OK  [0m] Reached target System Time Synchronized.
[[0;32m  OK  [0m] Reached target Slices.
[[0;32m  OK  [0m] Started Uncomplicated firewall.
[[0;32m  OK  [0m] Started Create list of required staâ€¦vice nodes for the current kernel.
         Starting Create Static Device Nodes in /dev...
[[0;32m  OK  [0m] Mounted Kernel Debug File System.
[[0;32m  OK  [0m] Mounted Huge Pages File System.
[[0;32m  OK  [0m] Mounted POSIX Message Queue File System.
[    4.829391] Loading iSCSI transport class v2.0-870.
[[0;32m  OK  [0m] Started udev Coldplug all Devices.
[    4.837746] iscsi: registered transport (tcp)
[[0;32m  OK  [0m] Started Create Static Device Nodes in /dev.
[[0;32m  OK  [0m] Started LVM2 metadata daemon.
[    4.868345] EXT4-fs (sda1): re-mounted. Opts: (null)
[[0;32m  OK  [0m] Started Remount Root and Kernel File Systems.
[    4.883826] iscsi: registered transport (iser)
         Starting udev Kernel Device Manager...
         Starting Load/Save Random Seed...
[[0;32m  OK  [0m] Started Load Kernel Modules.
         Mounting FUSE Control File System...
         Mounting Kernel Configuration File System...
         Starting Apply Kernel Variables...
[[0;32m  OK  [0m] Mounted Kernel Configuration File System.
[[0;32m  OK  [0m] Mounted FUSE Control File System.
[[0;32m  OK  [0m] Started Monitoring of LVM2 mirrors,â€¦sing dmeventd or progress polling.
[[0;32m  OK  [0m] Started Load/Save Random Seed.
[[0;32m  OK  [0m] Started Journal Service.
         Starting Flush Journal to Persistent Storage...
[[0;32m  OK  [0m] Started udev Kernel Device Manager.
[[0;32m  OK  [0m] Started Apply Kernel Variables.
[[0;32m  OK  [0m] Started Flush Journal to Persistent Storage.
[[0;32m  OK  [0m] Started Set the console keyboard layout.
[[0;32m  OK  [0m] Started Dispatch Password Requests to Console Directory Watch.
[[0;32m  OK  [0m] Reached target Local Encrypted Volumes.
[[0;32m  OK  [0m] Reached target Local File Systems (Pre).
[[0;32m  OK  [0m] Reached target Local File Systems.
         Starting Set console font and keymap...
         Starting Tell Plymouth To Write Out Runtime Data...
         Starting Commit a transient machine-id on disk...
         Starting Create Volatile Files and Directories...
         Starting AppArmor initialization...
         Starting ebtables ruleset management...
[[0;32m  OK  [0m] Started Set console font and keymap.
[[0;32m  OK  [0m] Started Tell Plymouth To Write Out Runtime Data.
[[0;32m  OK  [0m] Started Commit a transient machine-id on disk.
[[0;32m  OK  [0m] Started Create Volatile Files and Directories.
         Starting Update UTMP about System Boot/Shutdown...
[[0;32m  OK  [0m] Started Update UTMP about System Boot/Shutdown.
[[0;32m  OK  [0m] Started ebtables ruleset management.
[[0;32m  OK  [0m] Found device /dev/ttyS0.
[[0;32m  OK  [0m] Listening on Load/Save RF Kill Switch Status /dev/rfkill Watch.
[[0;32m  OK  [0m] Started AppArmor initialization.
         Starting Initial cloud-init job (pre-networking)...
[    8.296802] cloud-init[546]: Cloud-init v. 19.2-36-g059d049c-0ubuntu2~18.04.1 running 'init-local' at Sat, 14 Dec 2019 14:23:32 +0000. Up 7.97 seconds.
[[0;32m  OK  [0m] Started Initial cloud-init job (pre-networking).
[[0;32m  OK  [0m] Reached target Network (Pre).
         Starting Network Service...
[[0;32m  OK  [0m] Started Network Service.
         Starting Wait for Network to be Configured...
         Starting Network Name Resolution...
[[0;32m  OK  [0m] Started Network Name Resolution.
[[0;32m  OK  [0m] Reached target Network.
[[0;32m  OK  [0m] Reached target Host and Network Name Lookups.
[[0;32m  OK  [0m] Started Wait for Network to be Configured.
         Starting Initial cloud-init job (metadata service crawler)...
[   10.843994] cloud-init[660]: Cloud-init v. 19.2-36-g059d049c-0ubuntu2~18.04.1 running 'init' at Sat, 14 Dec 2019 14:23:35 +0000. Up 10.69 seconds.
[   10.845119] cloud-init[660]: ci-info: ++++++++++++++++++++++++++++++++++++++Net device info+++++++++++++++++++++++++++++++++++++++
[   10.846722] cloud-init[660]: ci-info: +--------+-------+----------------------------+---------------+--------+-------------------+
[   10.847738] cloud-init[660]: ci-info: | Device |   Up  |          Address           |      Mask     | Scope  |     Hw-Address    |
[   10.850547] cloud-init[660]: ci-info: +--------+-------+----------------------------+---------------+--------+-------------------+
[   10.851399] cloud-init[660]: ci-info: | enp0s3 |  True |         10.0.2.15          | 255.255.255.0 | global | 02:51:75:a4:93:2b |
[   10.853420] cloud-init[660]: ci-info: | enp0s3 |  True | fe80::51:75ff:fea4:932b/64 |       .       |  link  | 02:51:75:a4:93:2b |
[   10.854775] cloud-init[660]: ci-info: | enp0s8 | False |             .              |       .       |   .    | 08:00:27:ac:37:97 |
[   10.856036] cloud-init[660]: ci-info: |   lo   |  True |         127.0.0.1          |   255.0.0.0   |  host  |         .         |
[   10.858123] cloud-init[660]: ci-info: |   lo   |  True |          ::1/128           |       .       |  host  |         .         |
[   10.860003] cloud-init[660]: ci-info: +--------+-------+----------------------------+---------------+--------+-------------------+
[   10.862042] cloud-init[660]: ci-info: ++++++++++++++++++++++++++++Route IPv4 info+++++++++++++++++++++++++++++
[   10.866090] cloud-init[660]: ci-info: +-------+-------------+----------+-----------------+-----------+-------+
[   10.866983] cloud-init[660]: ci-info: | Route | Destination | Gateway  |     Genmask     | Interface | Flags |
[   10.868664] cloud-init[660]: ci-info: +-------+-------------+----------+-----------------+-----------+-------+
[   10.870504] cloud-init[660]: ci-info: |   0   |   0.0.0.0   | 10.0.2.2 |     0.0.0.0     |   enp0s3  |   UG  |
[   10.872025] cloud-init[660]: ci-info: |   1   |   10.0.2.0  | 0.0.0.0  |  255.255.255.0  |   enp0s3  |   U   |
[   10.876676] cloud-init[660]: ci-info: |   2   |   10.0.2.2  | 0.0.0.0  | 255.255.255.255 |   enp0s3  |   UH  |
[   10.877537] cloud-init[660]: ci-info: +-------+-------------+----------+-----------------+-----------+-------+
[   10.878382] cloud-init[660]: ci-info: +++++++++++++++++++Route IPv6 info+++++++++++++++++++
[   10.879147] cloud-init[660]: ci-info: +-------+-------------+---------+-----------+-------+
[   10.881315] cloud-init[660]: ci-info: | Route | Destination | Gateway | Interface | Flags |
[   10.882097] cloud-init[660]: ci-info: +-------+-------------+---------+-----------+-------+
[   10.883850] cloud-init[660]: ci-info: |   1   |  fe80::/64  |    ::   |   enp0s3  |   U   |
[   10.886854] cloud-init[660]: ci-info: |   3   |    local    |    ::   |   enp0s3  |   U   |
[   10.887991] cloud-init[660]: ci-info: |   4   |   ff00::/8  |    ::   |   enp0s3  |   U   |
[   10.890386] cloud-init[660]: ci-info: +-------+-------------+---------+-----------+-------+
[   11.572107] cloud-init[660]: Generating public/private rsa key pair.
[   11.572818] cloud-init[660]: Your identification has been saved in /etc/ssh/ssh_host_rsa_key.
[   11.573613] cloud-init[660]: Your public key has been saved in /etc/ssh/ssh_host_rsa_key.pub.
[   11.574388] cloud-init[660]: The key fingerprint is:
[   11.574893] cloud-init[660]: SHA256:81RIpUVK9ho9sjSjpnqiQzX7Hkzroj0xee1ATSe42z0 root@ubuntu-bionic
[   11.583848] cloud-init[660]: The key's randomart image is:
[   11.584319] cloud-init[660]: +---[RSA 2048]----+
[   11.584875] cloud-init[660]: |       .  +o+    |
[   11.585354] cloud-init[660]: |      . o+.B     |
[   11.585835] cloud-init[660]: |       + oX =    |
[   11.586337] cloud-init[660]: |    o o .o O .   |
[   11.586824] cloud-init[660]: |   . =.+S.+      |
[   11.588149] cloud-init[660]: |  . =o++o+E      |
[   11.588686] cloud-init[660]: | .   ==o  ..     |
[   11.592123] cloud-init[660]: |  ..+oo..        |
[   11.592605] cloud-init[660]: |  o+o*o          |
[   11.593101] cloud-init[660]: +----[SHA256]-----+
[   11.593598] cloud-init[660]: Generating public/private dsa key pair.
[   11.594039] cloud-init[660]: Your identification has been saved in /etc/ssh/ssh_host_dsa_key.
[   11.594796] cloud-init[660]: Your public key has been saved in /etc/ssh/ssh_host_dsa_key.pub.
[   11.603808] cloud-init[660]: The key fingerprint is:
[[   11.624374] cloud-init[660]: SHA256:gSi5IZupPW+b3DcCNPByE0QzfpmX4r7GfbZbqSSrY+8 root@ubuntu-bionic
[   11.625176] cloud-init[660]: The key's randomart image is:
[   11.625706] cloud-init[660]: +---[DSA 1024]----+
[   11.626176] cloud-init[660]: |   o=            |
[   11.626651] cloud-init[660]: |  .o.+ + .       |
[   11.627119] cloud-init[660]: |. +oo.* +        |
[   11.627591] cloud-init[660]: | =.+*o o .       |
[0;32m  OK  [0m] Started Initial cloud-init job (metadata service crawler).
[[0;32m  OK  [0m] Reached target System Initialization.
[[0;32m  OK  [0m] Started Discard unused blocks once a week.
[[0;32m  OK  [0m] Listening on UUID daemon activation socket.
[[0;32m  OK  [0m] Listening on Open-iSCSI iscsid Socket.
[[0;32m  OK  [0m] Listening on D-Bus System Message Bus Socket.
[[0;32m  OK  [0m] Listening on ACPID Listen Socket.
[[0;32m  OK  [0m] Started Daily Cleanup of Temporary Directories.
[[0;32m  OK  [0m] Started Message of the Day.
         Starting LXD - unix socket.
         Starting Socket activation for snappy daemon.
[[0;32m  OK  [0m] Started Daily apt download activities.
[[0;32m  OK  [0m] Started Daily apt upgrade and clean activities.
[[   11.641013] cloud-init[660]: |+ .+ o. S        |
[   11.641501] cloud-init[660]: |..  ..       .   |
[   11.641845] cloud-init[660]: |. o  o... . o    |
[   11.642315] cloud-init[660]: |   +.o*.++oo     |
[   11.642787] cloud-init[660]: |   .=++BE++o     |
[   11.643253] cloud-init[660]: +----[SHA256]-----+
[   11.643740] cloud-init[660]: Generating public/private ecdsa key pair.[0;32m  OK  [0m] Reached target Timers.
[[0;32m  OK  [0m] Started ACPI Events Check.
[[0;32m  OK  [0m] Reached target Paths.
[[0;32m  OK  [0m] Reached target Cloud-config availability.
[[0;32m  OK  [0m] Reached target Network is Online.
         Starting Availability of block devices...
[[0;32m  OK  [0m] Reached target Remote File Systems (Pre).
[[0;32m  OK  [0m] Reached target Remote File Systems.
[[0;32m  OK  [0m] Listening on Socket activation for snappy daemon.
[[0;32m  OK  [0m] Listening on LXD - unix socket.
[[0;32m  OK  [0m] Reached target Sockets.
[[0;32m  OK  [0m] Reached target Basic System.

[   11.656163] cloud-init[660]: Your identification has been saved in /etc/ssh/ssh_host_ecdsa_key.
[[0;32m  OK  [0m] Started Regular background program processing daemon.
[   11.659509] [[0;32m  OK  [0m] Started D-Bus System Message Bus.
cloud-init[660]: Your public key has been saved in /etc/ssh/ssh_host_ecdsa_key.pub.
[   11.665659] cloud-init[660]: The key fingerprint is:
[   11.667195] cloud-init[660]: SHA256:3soMytv5SAOrUn3lEvQnipJyyfWPT6EhfwRjyZ4Edso root@ubuntu-bionic
[   11.669534] cloud-init[660]: The key's randomart image is:
[   11.671633] cloud-init[660]: +---[ECDSA 256]---+
[   11.672718] cloud-init[660]: |    o .          |
[   11.673749] cloud-init[660]: |   o =..         |
[   11.674763] cloud-init[660]: |    E.B.         |
[   11.675671] cloud-init[660]: |    .+.++ .      |
[   11.676913] cloud-init[660]: | . =oo+=So       |
[   11.677943] cloud-init[660]: |. B o===.o       |
[   11.678750] cloud-init[660]: | + ...*++ .      |
[   11.679371] cloud-init[660]: |.  o +.X..       |
[   11.679953] cloud-init[660]: | .. +.+o*        |
[   11.681261] cloud-init[660]: +----[SHA256]-----+
[   11.682961] cloud-init[660]: Generating public/private ed25519 key pair.
[   11.685710] cloud-init[660]: Your identification has been saved in /etc/ssh/ssh_host_ed25519_key.
[   11.687551] cloud-init[660]: Your public key has been saved in /etc/ssh/ssh_host_ed25519_key.pub.
[   11.689794] cloud-init[660]: The key fingerprint is:
[   11.691846] cloud-init[660]: SHA256:zxunV4KVPPuoGKsFf9MDutTqHegdAYdn9n2Cghz8Ecc root@ubuntu-bionic
[   11.693920] cloud-init[660]: The key's randomart image is:
[   11.695403] cloud-init[660]: +--[ED25519 256]--+
[   11.696794] cloud-init[660]: |          ...    |
[   11.698244] cloud-init[660]: |       . . oE    |
         Starting Login Service...
         Starting System Logging Service...
         Starting Permit User Sessions...
[[0;32m  OK  [0m] Started Deferred execution scheduler.
         Starting Virtualbox guest utils...
         Starting Pollinate to seed the pseudo random number generator...
         Starting LSB: automatic crash report generation...
[[0;32m  OK  [0m] Started irqbalance daemon.
[[0;32m  OK  [0m] Started FUSE filesystem for LXC.
[   11.727797] cloud-init[660]: |        = *. .   |
[   11.728545] cloud-init[660]: |       . X o=o   |
[   11.732911] cloud-init[660]: |      . S =oooo .|
[   11.733901] cloud-init[660]: |       o *.=o .o |
[   11.735355] cloud-init[660]: |        B X +=   |
[   11.743180] cloud-init[660]: |       + X Oo..  |
[   11.743804] cloud-init[660]: |      .oB *o     |
[   11.747278] cloud-init[660]: +----[SHA256]-----+
         Starting Dispatcher daemon for systemd-networkd...
         Starting Accounts Service...
         Starting LSB: Record successful boot for GRUB...
         Starting Snappy daemon...
         Starting LXD - container startup/shutdown...
[[0;32m  OK  [0m] Started System Logging Service.
[[0;32m  OK  [0m] Started Availability of block devices.
[[0;32m  OK  [0m] Started Permit User Sessions.
[[0;32m  OK  [0m] Started Login Service.
[[0;32m  OK  [0m] Started Unattended Upgrades Shutdown.
         Starting Terminate Plymouth Boot Screen...
         Starting Hold until boot process finishes up...
[[0;32m  OK  [0m] Started Hold until boot process finishes up.
         Starting Set console scheme...
[[0;32m  OK  [0m] Started Serial Getty on ttyS0.
[[0;32m  OK  [0m] Started Terminate Plymouth Boot Screen.
[[0;32m  OK  [0m] Started Set console scheme.
[[0;32m  OK  [0m] Created slice system-getty.slice.
[[0;32m  OK  [0m] Started Getty on tty1.
[[0;32m  OK  [0m] Reached target Login Prompts.
[[0;32m  OK  [0m] Started LSB: automatic crash report generation.
[[0;32m  OK  [0m] Started LSB: Record successful boot for GRUB.
         Starting Authorization Manager...
[[0;32m  OK  [0m] Started Virtualbox guest utils.
[[0;32m  OK  [0m] Started Authorization Manager.
[[0;32m  OK  [0m] Started Accounts Service.
[[0;32m  OK  [0m] Started LXD - container startup/shutdown.
[[0;32m  OK  [0m] Started Dispatcher daemon for systemd-networkd.
[[0;32m  OK  [0m] Started Snappy daemon.
         Starting Wait until snapd is fully seeded...
[[0;32m  OK  [0m] Started Pollinate to seed the pseudo random number generator.
         Starting OpenBSD Secure Shell server...
[[0;32m  OK  [0m] Started OpenBSD Secure Shell server.
[[0;32m  OK  [0m] Created slice User Slice of vagrant.
         Starting User Manager for UID 1000...
[[0;32m  OK  [0m] Started Session 1 of user vagrant.
[[0;32m  OK  [0m] Started User Manager for UID 1000.
[[0;32m  OK  [0m] Started Wait until snapd is fully seeded.
         Starting Apply the settings specified in cloud-config...
[[0;32m  OK  [0m] Reached target Multi-User System.
[[0;32m  OK  [0m] Reached target Graphical Interface.
         Starting Update UTMP about System Runlevel Changes...
[[0;32m  OK  [0m] Started Update UTMP about System Runlevel Changes.
[   16.615860] cloud-init[1235]: Cloud-init v. 19.2-36-g059d049c-0ubuntu2~18.04.1 running 'modules:config' at Sat, 14 Dec 2019 14:23:41 +0000. Up 16.15 seconds.
[[0;32m  OK  [0m] Started Apply the settings specified in cloud-config.
         Starting Execute cloud user/final scripts...
ci-info: no authorized ssh keys fingerprints found for user ubuntu.
<14>Dec 14 14:23:42 ec2: 
<14>Dec 14 14:23:42 ec2: #############################################################
<14>Dec 14 14:23:42 ec2: -----BEGIN SSH HOST KEY FINGERPRINTS-----
<14>Dec 14 14:23:42 ec2: 1024 SHA256:gSi5IZupPW+b3DcCNPByE0QzfpmX4r7GfbZbqSSrY+8 root@ubuntu-bionic (DSA)
<14>Dec 14 14:23:42 ec2: 256 SHA256:3soMytv5SAOrUn3lEvQnipJyyfWPT6EhfwRjyZ4Edso root@ubuntu-bionic (ECDSA)
<14>Dec 14 14:23:42 ec2: 256 SHA256:zxunV4KVPPuoGKsFf9MDutTqHegdAYdn9n2Cghz8Ecc root@ubuntu-bionic (ED25519)
<14>Dec 14 14:23:42 ec2: 2048 SHA256:81RIpUVK9ho9sjSjpnqiQzX7Hkzroj0xee1ATSe42z0 root@ubuntu-bionic (RSA)
<14>Dec 14 14:23:42 ec2: -----END SSH HOST KEY FINGERPRINTS-----
<14>Dec 14 14:23:42 ec2: #############################################################
-----BEGIN SSH HOST KEY KEYS-----
ecdsa-sha2-nistp256 AAAAE2VjZHNhLXNoYTItbmlzdHAyNTYAAAAIbmlzdHAyNTYAAABBBGSlhet3+roMKwZVJ6YFGYopubNX7JDPtgPtKO89AvMSUafDHxlWSoUp8o6VPbt2MD1aPEFLM/LRlDzSs7RiQlQ= root@ubuntu-bionic
ssh-ed25519 AAAAC3NzaC1lZDI1NTE5AAAAICEO5axDyr39oP/iuLeY1bRqBgH+U9FvBex2RntoBH18 root@ubuntu-bionic
ssh-rsa AAAAB3NzaC1yc2EAAAADAQABAAABAQDJYzktw6qIS005FT8rtZCbuL8kXItHLnWnN6TsyRGkOv1rEcrBmR0Dm/au5bvZUeSpwvCFjI/ailUc0UjUUqiuvUvCqYOiepeqEvND7rKRAE6gjZ4gtf+nkfh8fksOtAdZmND4XKvH0TVEcoXuCWO2Ue2eGEws112SzjxplxwaxKWKw01nxT5EndWQ12Kv2s2NT7rKTE7IcWjTA2oMN8i/rfWSQmltLCFSXgTSljUKUusEmdjFFjn4IKOx83oCOKke4QzN17F+zP3J7UYxcK1eYVeBrXGiLGIj3qaYYytlGYfi+VDhmyZZ2QsshVGNMxkRbUnuixqE6g4B9KTg5JGt root@ubuntu-bionic
-----END SSH HOST KEY KEYS-----
[   17.303826] cloud-init[1336]: Cloud-init v. 19.2-36-g059d049c-0ubuntu2~18.04.1 running 'modules:final' at Sat, 14 Dec 2019 14:23:42 +0000. Up 17.11 seconds.
[   17.304992] cloud-init[1336]: ci-info: no authorized ssh keys fingerprints found for user ubuntu.
[   17.305789] cloud-init[1336]: Cloud-init v. 19.2-36-g059d049c-0ubuntu2~18.04.1 finished at Sat, 14 Dec 2019 14:23:42 +0000. Datasource DataSourceNoCloud [seed=/dev/sdb][dsmode=net].  Up 17.29 seconds

Ubuntu 18.04.3 LTS ubuntu-bionic ttyS0

ubuntu-bionic login: 